[사슬 09/26 18:17:36] 학습이 끝나기를 기다린다 · v2g4-feetair01-s44
[사슬 09/26 18:27:45] 도는 학습이 없다 (0 을 두 번 연속 확인했다)
[사슬 09/26 18:27:45]   v2g4-feetair01-s44 · 완주 (model_3000.pt 있음)
[사슬 09/26 18:27:45] 끝난 학습을 상태 파일에 반영한다
          등록할 것이 없다
[사슬 09/26 18:27:45] 평가를 건다
          2026-09-26 19:34:16    v2g4-feetair01-s44-iter3000 축1 cuda:1 · 4.8 분 · exit=0 · 산출물 있음
          2026-09-26 19:36:48    v2g4-feetair01-s44-iter3000 축1 cuda:1 · 2.5 분 · exit=0 · 산출물 있음
          2026-09-26 19:38:33    v2g4-feetair01-s44-iter3000 축1 cuda:1 · 1.8 분 · exit=0 · 산출물 있음
          2026-09-26 19:38:33  끝 · 28 건 중 실패 0
[사슬 09/26 19:38:33] 평가가 끝나기를 기다린다
[사슬 09/26 19:39:36] 도는 평가가 없다
[사슬 09/26 19:39:37]   v2g4-feetair01-s44 · 축1 24/24 · 축2 4/4
[사슬 09/26 19:39:37] 판정문을 낸다
[사슬 09/26 19:39:37]   판정문 v2b-r
[사슬 09/26 19:39:37]   판정문 v2g-feetair1
[사슬 09/26 19:39:37]   판정문 v2g2-feetair01
[사슬 09/26 19:39:37]   판정문 v2n-noise02
[사슬 09/26 19:39:37]   판정문 v2s-stones10
[사슬 09/26 19:39:37]   판정문 v2g4-feetair01-s44
[사슬 09/26 19:39:37] 상호작용을 센다
          # 2 x 2 상호작용 · iter3000
          #   R0=v2b-r  S=v2s-stones10  G=v2g2-feetair01  C=v2sg-stones10feet01
          #   I = Y(C) - Y(S) - Y(G) + Y(R0)
          
          지표                                       R0        S        G        C   I=0 이면 C       실제 I
          stones 진행 (1.0 m/s) ** 주 지표 **         1.00     8.00    45.00    17.00      52.00     -35.00
          stones 생존 (1.0 m/s)                   31.00    66.00    48.00    42.00      83.00     -41.00
          stones 종합 (1.0 m/s)                    0.00     4.00    24.00     7.00      28.00     -21.00
          stones 진행 (0.5 m/s)                    0.00     1.00     7.00     0.00       8.00      -8.00
          stones 생존 (0.5 m/s)                   42.00    88.00    36.00    56.00      82.00     -26.00
          48 칸 평균                               92.79    91.79    94.19    91.69      93.19      -1.50
          
          # 읽는 법 (astra AUDIT10 1 절)
          #   I > 0  단독 효과의 «합을 초과» · «더해진다» 가 아니다
          #   I = 0  그 척도에서 «가산적» · «독립» 이 아니다
          #   I < 0  합보다 작다 · «부모보다 나쁘다» 가 아니다
          #
          # 말할 수 «없는» 것
          #   네 칸에 학습이 한 번씩이다. **학습 시드 간 변동은 추정 못 한다.**
          #   100 에피소드는 env 10 개에서 나왔다. 독립 100 회가 아니다.
          #   「상호작용이 좋다」와 「다음 부모로 더 좋다」는 다른 물음이다.
[사슬 09/26 19:39:38] 텔레그램을 보낸다
          보냄: True · 급함: True
[사슬 09/26 19:39:42] 사슬 끝. 판정문과 _out/loop/interaction-out.txt 를 읽을 것.
