[밤 09/28 01:10:22] 학습 중 · fs1 75 / 4500 · fs2 75 / 4500 · 도는 판 2
[밤 09/28 01:10:47] 학습 중 · fs1 75 / 4500 · fs2 75 / 4500 · 도는 판 2
[밤 09/28 01:13:45] 학습 중 · fs1 125 / 4500 · fs2 100 / 4500 · 도는 판 2
[밤 09/28 01:23:46] 학습 중 · fs1 275 / 4500 · fs2 250 / 4500 · 도는 판 2
[밤 09/28 01:33:46] 학습 중 · fs1 425 / 4500 · fs2 400 / 4500 · 도는 판 2
[밤 09/28 01:43:46] 학습 중 · fs1 550 / 4500 · fs2 525 / 4500 · 도는 판 2
[밤 09/28 01:50:19] 회차 1 · 학습 중 · 20260928_fs1-scratch-f001 650 / 4500 · 20260928_fs2-scratch-f01 625 / 4500 · 도는 판 2
[밤 09/28 01:50:21] 회차 2 · GPU 가 아직 바쁘다 (학습 2 · 평가 0). 기다린다
[밤 09/28 01:53:46] 회차 1 · 학습 중 · 20260928_fs1-scratch-f001 700 / 4500 · 20260928_fs2-scratch-f01 675 / 4500 · 도는 판 2
[밤 09/28 02:03:46] 회차 1 · 학습 중 · 20260928_fs1-scratch-f001 850 / 4500 · 20260928_fs2-scratch-f01 800 / 4500 · 도는 판 2
[밤 09/28 02:13:46] 회차 1 · 학습 중 · 20260928_fs1-scratch-f001 1000 / 4500 · 20260928_fs2-scratch-f01 950 / 4500 · 도는 판 2
[밤 09/28 02:23:46] 회차 1 · 학습 중 · 20260928_fs1-scratch-f001 1125 / 4500 · 20260928_fs2-scratch-f01 1100 / 4500 · 도는 판 2
[밤 09/28 02:27:47] 회차 1 · 학습 중 · 20260928_fs1-scratch-f001 1200 / 4500 · 20260928_fs2-scratch-f01 1150 / 4500 · 도는 판 2
[밤 09/28 02:33:45] 회차 1 · 학습 중 · 20260928_fs1-scratch-f001 1275 / 4500 · 20260928_fs2-scratch-f01 1225 / 4500 · 도는 판 2
[밤 09/28 02:43:45] 회차 1 · 학습 중 · 20260928_fs1-scratch-f001 1425 / 4500 · 20260928_fs2-scratch-f01 1375 / 4500 · 도는 판 2
[밤 09/28 02:53:45] 회차 1 · 학습 중 · 20260928_fs1-scratch-f001 1575 / 4500 · 20260928_fs2-scratch-f01 1500 / 4500 · 도는 판 2
[밤 09/28 03:03:45] 회차 1 · 학습 중 · 20260928_fs1-scratch-f001 1700 / 4500 · 20260928_fs2-scratch-f01 1650 / 4500 · 도는 판 2
[밤 09/28 03:13:45] 회차 1 · 학습 중 · 20260928_fs1-scratch-f001 1850 / 4500 · 20260928_fs2-scratch-f01 1800 / 4500 · 도는 판 2
[밤 09/28 03:23:45] 회차 1 · 학습 중 · 20260928_fs1-scratch-f001 2000 / 4500 · 20260928_fs2-scratch-f01 1925 / 4500 · 도는 판 2
[밤 09/28 03:33:45] 회차 1 · 학습 중 · 20260928_fs1-scratch-f001 2150 / 4500 · 20260928_fs2-scratch-f01 2075 / 4500 · 도는 판 2
[밤 09/28 03:43:45] 회차 1 · 학습 중 · 20260928_fs1-scratch-f001 2275 / 4500 · 20260928_fs2-scratch-f01 2200 / 4500 · 도는 판 2
[밤 09/28 03:53:45] 회차 1 · 학습 중 · 20260928_fs1-scratch-f001 2425 / 4500 · 20260928_fs2-scratch-f01 2350 / 4500 · 도는 판 2
[밤 09/28 04:03:45] 회차 1 · 학습 중 · 20260928_fs1-scratch-f001 2575 / 4500 · 20260928_fs2-scratch-f01 2475 / 4500 · 도는 판 2
[밤 09/28 04:13:45] 회차 1 · 학습 중 · 20260928_fs1-scratch-f001 2725 / 4500 · 20260928_fs2-scratch-f01 2625 / 4500 · 도는 판 2
[밤 09/28 04:23:45] 회차 1 · 학습 중 · 20260928_fs1-scratch-f001 2850 / 4500 · 20260928_fs2-scratch-f01 2750 / 4500 · 도는 판 2
[밤 09/28 04:33:45] 회차 1 · 학습 중 · 20260928_fs1-scratch-f001 3000 / 4500 · 20260928_fs2-scratch-f01 2900 / 4500 · 도는 판 2
[밤 09/28 04:43:45] 회차 1 · 학습 중 · 20260928_fs1-scratch-f001 3150 / 4500 · 20260928_fs2-scratch-f01 3025 / 4500 · 도는 판 2
[밤 09/28 04:53:45] 회차 1 · 학습 중 · 20260928_fs1-scratch-f001 3275 / 4500 · 20260928_fs2-scratch-f01 3175 / 4500 · 도는 판 2
[밤 09/28 05:03:45] 회차 1 · 학습 중 · 20260928_fs1-scratch-f001 3425 / 4500 · 20260928_fs2-scratch-f01 3300 / 4500 · 도는 판 2
[밤 09/28 05:13:45] 회차 1 · 학습 중 · 20260928_fs1-scratch-f001 3575 / 4500 · 20260928_fs2-scratch-f01 3450 / 4500 · 도는 판 2
[밤 09/28 05:23:45] 회차 1 · 학습 중 · 20260928_fs1-scratch-f001 3700 / 4500 · 20260928_fs2-scratch-f01 3600 / 4500 · 도는 판 2
[밤 09/28 05:33:45] 회차 1 · 학습 중 · 20260928_fs1-scratch-f001 3850 / 4500 · 20260928_fs2-scratch-f01 3725 / 4500 · 도는 판 2
[밤 09/28 05:43:45] 회차 1 · 학습 중 · 20260928_fs1-scratch-f001 4000 / 4500 · 20260928_fs2-scratch-f01 3875 / 4500 · 도는 판 2
[밤 09/28 05:53:45] 회차 1 · 학습 중 · 20260928_fs1-scratch-f001 4125 / 4500 · 20260928_fs2-scratch-f01 4000 / 4500 · 도는 판 2
[밤 09/28 06:03:45] 회차 1 · 학습 중 · 20260928_fs1-scratch-f001 4275 / 4500 · 20260928_fs2-scratch-f01 4150 / 4500 · 도는 판 2
[밤 09/28 06:13:45] 회차 1 · 학습 중 · 20260928_fs1-scratch-f001 4425 / 4500 · 20260928_fs2-scratch-f01 4300 / 4500 · 도는 판 2
[밤 09/28 06:23:45] 회차 1 · 학습 중 · 20260928_fs1-scratch-f001 4500 / 4500 · 20260928_fs2-scratch-f01 4425 / 4500 · 도는 판 1
[밤 09/28 06:33:45] **회차 1 · 학습 둘이 끝났다**
[밤 09/28 06:33:45]   20260928_fs1-scratch-f001 · 완주 4500
[밤 09/28 06:33:45]   20260928_fs2-scratch-f01 · 완주 4500
[밤 09/28 06:33:45] 상태 파일에 반영한다
          등록 fs1-scratch-f001 완료 · model_3000.pt 존재 + exit=0
          등록 fs2-scratch-f01  완료 · model_3000.pt 존재 + exit=0
          
          2 개 등록. **가설·대조군·바뀐 칸은 「미기재」다. 사람이 적는다.**
[밤 09/28 06:43:44] 평가를 건다 (1500 · 2000 · 2500 · 3000 · 4500)
