걸 것 25 건 (스윕 24 · 후진 1)
  260924-observe/sweep/v2b-r-iter2500/rough6/d0.1/v0.5   4.0 분 exit=0 
  260924-observe/sweep/v2b-r-iter2500/rough6/d0.1/v1.0   2.1 분 exit=0 
  260924-observe/sweep/v2b-r-iter2500/rough6/d0.1/v1.5   1.5 분 exit=0 
  0924-observe/sweep/v2b-r-iter2500/unseen10/d0.1/v0.5   4.0 분 exit=0 
  0924-observe/sweep/v2b-r-iter2500/unseen10/d0.1/v1.0   2.1 분 exit=0 
  0924-observe/sweep/v2b-r-iter2500/unseen10/d0.1/v1.5   1.5 분 exit=0 
  260924-observe/sweep/v2b-r-iter2500/rough6/d0.3/v0.5   4.2 분 exit=0 
  260924-observe/sweep/v2b-r-iter2500/rough6/d0.3/v1.0   2.2 분 exit=0 
  260924-observe/sweep/v2b-r-iter2500/rough6/d0.3/v1.5   1.5 분 exit=0 
  0924-observe/sweep/v2b-r-iter2500/unseen10/d0.3/v0.5   4.6 분 exit=0 
  0924-observe/sweep/v2b-r-iter2500/unseen10/d0.3/v1.0   2.4 분 exit=0 
  0924-observe/sweep/v2b-r-iter2500/unseen10/d0.3/v1.5   1.7 분 exit=0 
  260924-observe/sweep/v2b-r-iter2500/rough6/d0.7/v0.5   4.3 분 exit=0 
  260924-observe/sweep/v2b-r-iter2500/rough6/d0.7/v1.0   2.3 분 exit=0 
  260924-observe/sweep/v2b-r-iter2500/rough6/d0.7/v1.5   1.6 분 exit=0 
  0924-observe/sweep/v2b-r-iter2500/unseen10/d0.7/v0.5   4.6 분 exit=0 
  0924-observe/sweep/v2b-r-iter2500/unseen10/d0.7/v1.0   2.4 분 exit=0 
  0924-observe/sweep/v2b-r-iter2500/unseen10/d0.7/v1.5   1.7 분 exit=0 
  260924-observe/sweep/v2b-r-iter2500/rough6/d0.9/v0.5   4.4 분 exit=0 
  260924-observe/sweep/v2b-r-iter2500/rough6/d0.9/v1.0   2.3 분 exit=0 
  260924-observe/sweep/v2b-r-iter2500/rough6/d0.9/v1.5   1.6 분 exit=0 
  0924-observe/sweep/v2b-r-iter2500/unseen10/d0.9/v0.5   4.6 분 exit=0 
  0924-observe/sweep/v2b-r-iter2500/unseen10/d0.9/v1.0   2.4 분 exit=0 
  0924-observe/sweep/v2b-r-iter2500/unseen10/d0.9/v1.5   1.7 분 exit=0 
  erve/backward/v2b-r-iter2500/unseen10/d0.5/vminus1.0   2.5 분 exit=0 
끝 · 실패 0
