[INFO][AppLauncher]: Using device: cuda:0
[INFO][AppLauncher]: Loading experience file: C:\isaac\IsaacLab\apps\isaaclab.python.headless.kit
[INFO]: Parsing configuration from: isaaclab_tasks.manager_based.locomotion.velocity.config.go2.agents.rsl_rl_ppo_cfg:UnitreeGo2RoughPPORunnerCfg

================================================================================
TERRAIN DIFFICULTY
================================================================================
difficulty_range : (0.3, 0.3)  (덮어씀: True)
rail_thickness   : (0.08, 0.18)  (덮어씀: False)

[36m=====================================================================================================================[0m
[36m[1m[INFO][IsaacLab]: Logging to file: C:\Users\AI-WS01\AppData\Local\Temp\isaaclab\logs\isaaclab_2026-09-28_09-20-50.log[0m
[36m=====================================================================================================================[0m

[33m09:20:50 [simulation_context.py] WARNING: The `enable_external_forces_every_iteration` parameter in the PhysxCfg is set to False. If you are experiencing noisy velocities, consider enabling this flag. You may need to slightly increase the number of velocity iterations (setting it to 1 or 2 rather than 0), together with this flag, to improve the accuracy of velocity updates.[0m
[INFO]: Base environment:
	Environment device    : cuda:0
	Environment seed      : 42
	Physics step-size     : 0.005
	Rendering step-size   : 0.02
	Environment step-size : 0.02
[INFO] Generating terrains based on curriculum took : 0.055221 seconds
[INFO]: Time taken for scene creation : 1.564388 seconds
[INFO]: Scene manager:  <class InteractiveScene>
	Number of environments: 100
	Environment spacing   : 2.5
	Source prim name      : /World/envs/env_0
	Global prim paths     : ['/World/ground']
	Replicate physics     : True
[INFO]: Starting the simulation. This may take a few seconds. Please wait...
[INFO]: Time taken for simulation start : 0.898231 seconds
[33m09:20:53 [velocity_command.py] WARNING: The velocity command has the 'ranges.heading' attribute set to '(-3.141592653589793, 3.141592653589793)' but the heading command is not active. Consider setting the flag for the heading command to True.[0m
C:\Users\AI-WS01\anaconda3\envs\isaac311\Lib\site-packages\rsl_rl\utils\utils.py:245: UserWarning: The observation configuration dictionary 'obs_groups' must contain the 'policy' key. As an observation group with the name 'policy' was found, this is assumed to be the observation set. Consider adding the 'policy' key to the 'obs_groups' dictionary for clarity. This behavior will be removed in a future version.
  warnings.warn(
C:\Users\AI-WS01\anaconda3\envs\isaac311\Lib\site-packages\rsl_rl\utils\utils.py:291: UserWarning: The observation configuration dictionary 'obs_groups' must contain the 'critic' key. As the configuration for 'critic' is missing, the observations from the 'policy' set are used. Consider adding the 'critic' key to the 'obs_groups' dictionary for clarity. This behavior will be removed in a future version.
  warnings.warn(
[INFO] Command Manager:  <CommandManager> contains 1 active terms.
+------------------------------------------------+
|              Active Command Terms              |
+-------+---------------+------------------------+
| Index | Name          |          Type          |
+-------+---------------+------------------------+
|   0   | base_velocity | UniformVelocityCommand |
+-------+---------------+------------------------+

[INFO] Event Manager:  <EventManager> contains 2 active terms.
+--------------------------------------+
| Active Event Terms in Mode: 'startup' |
+----------+---------------------------+
|  Index   | Name                      |
+----------+---------------------------+
|    0     | physics_material          |
+----------+---------------------------+
+-------------------------------------+
| Active Event Terms in Mode: 'reset' |
+---------+---------------------------+
|  Index  | Name                      |
+---------+---------------------------+
|    0    | reset_base                |
|    1    | reset_robot_joints        |
+---------+---------------------------+

[INFO] Recorder Manager:  <RecorderManager> contains 0 active terms.
+---------------------+
| Active Recorder Terms |
+-----------+---------+
|   Index   | Name    |
+-----------+---------+
+-----------+---------+

[INFO] Action Manager:  <ActionManager> contains 1 active terms.
+------------------------------------+
|  Active Action Terms (shape: 12)   |
+--------+-------------+-------------+
| Index  | Name        |   Dimension |
+--------+-------------+-------------+
|   0    | joint_pos   |          12 |
+--------+-------------+-------------+

[INFO] Observation Manager: <ObservationManager> contains 1 groups.
+----------------------------------------------------------+
| Active Observation Terms in Group: 'policy' (shape: (235,)) |
+-----------+--------------------------------+-------------+
|   Index   | Name                           |    Shape    |
+-----------+--------------------------------+-------------+
|     0     | base_lin_vel                   |     (3,)    |
|     1     | base_ang_vel                   |     (3,)    |
|     2     | projected_gravity              |     (3,)    |
|     3     | velocity_commands              |     (3,)    |
|     4     | joint_pos                      |    (12,)    |
|     5     | joint_vel                      |    (12,)    |
|     6     | actions                        |    (12,)    |
|     7     | height_scan                    |    (187,)   |
+-----------+--------------------------------+-------------+

[INFO] Termination Manager:  <TerminationManager> contains 2 active terms.
+---------------------------------+
|     Active Termination Terms    |
+-------+--------------+----------+
| Index | Name         | Time Out |
+-------+--------------+----------+
|   0   | time_out     |   True   |
|   1   | base_contact |  False   |
+-------+--------------+----------+

[INFO] Reward Manager:  <RewardManager> contains 10 active terms.
+-----------------------------------------+
|           Active Reward Terms           |
+-------+----------------------+----------+
| Index | Name                 |   Weight |
+-------+----------------------+----------+
|   0   | track_lin_vel_xy_exp |      1.5 |
|   1   | track_ang_vel_z_exp  |     0.75 |
|   2   | lin_vel_z_l2         |     -2.0 |
|   3   | ang_vel_xy_l2        |    -0.05 |
|   4   | dof_torques_l2       |  -0.0002 |
|   5   | dof_acc_l2           | -2.5e-07 |
|   6   | action_rate_l2       |    -0.01 |
|   7   | feet_air_time        |     0.01 |
|   8   | flat_orientation_l2  |      0.0 |
|   9   | dof_pos_limits       |      0.0 |
+-------+----------------------+----------+

[INFO] Curriculum Manager:  <CurriculumManager> contains 0 active terms.
+----------------------+
| Active Curriculum Terms |
+-----------+----------+
|   Index   | Name     |
+-----------+----------+
+-----------+----------+

[INFO]: Completed setting up the environment...

================================================================================
ENV -> TERRAIN MAPPING
================================================================================
env 000 | terrain_type= 0 | level=0 | terrain=discrete_obstacles     | origin=(   0.00,  -36.00,   0.08)
env 010 | terrain_type= 1 | level=0 | terrain=wave                   | origin=(   0.00,  -28.00,   0.05)
env 020 | terrain_type= 2 | level=0 | terrain=stepping_stones        | origin=(   0.00,  -20.00,   0.12)
env 030 | terrain_type= 3 | level=0 | terrain=gap                    | origin=(   0.00,  -12.00,   0.00)
env 040 | terrain_type= 4 | level=0 | terrain=pit                    | origin=(   0.00,   -4.00,  -0.16)
env 050 | terrain_type= 5 | level=0 | terrain=rails                  | origin=(   0.00,    4.00,   0.00)
env 060 | terrain_type= 6 | level=0 | terrain=star                   | origin=(   0.00,   12.00,   0.00)
env 070 | terrain_type= 7 | level=0 | terrain=floating_ring          | origin=(   0.00,   20.00,   0.00)
env 080 | terrain_type= 8 | level=0 | terrain=repeated_boxes         | origin=(   0.00,   28.00,   0.05)
env 090 | terrain_type= 9 | level=0 | terrain=repeated_cylinders     | origin=(   0.00,   36.00,   0.05)

[PASS] env-to-terrain mapping is deterministic and correct.

================================================================================
HEAD CONTACT SENSOR (관측 전용 · 판정에 안 들어감)
================================================================================
센서 강체 수 : 19
머리 링크    : ['Head_upper', 'Head_lower']  -> 번호 [9, 10]
힘 문턱      : 1.000 N

[PASS] 머리 링크를 접촉 센서에서 찾았습니다.

================================================================================
COMMAND VERIFICATION
================================================================================
env 000 | vx= 1.000 | vy= 0.000 | wz= 0.000
max deviation from (1.0, 0, 0) = 0.000e+00

[PASS] all robots receive the same velocity command.

[INFO] Loading checkpoint:
C:\isaac\IsaacLab\logs\rsl_rl\unitree_go2_gap_nvidia\2026-09-28_01-04-22_20260928_fs1-scratch-f001\model_2500.pt
[표준편차 형식] «scalar» · 설정과 같다
--------------------------------------------------------------------------------
Resolved observation sets: 
	 policy :  ['policy']
	 critic :  ['policy']
--------------------------------------------------------------------------------
Actor MLP: MLP(
  (0): Linear(in_features=235, out_features=512, bias=True)
  (1): ELU(alpha=1.0)
  (2): Linear(in_features=512, out_features=256, bias=True)
  (3): ELU(alpha=1.0)
  (4): Linear(in_features=256, out_features=128, bias=True)
  (5): ELU(alpha=1.0)
  (6): Linear(in_features=128, out_features=12, bias=True)
)
Critic MLP: MLP(
  (0): Linear(in_features=235, out_features=512, bias=True)
  (1): ELU(alpha=1.0)
  (2): Linear(in_features=512, out_features=256, bias=True)
  (3): ELU(alpha=1.0)
  (4): Linear(in_features=256, out_features=128, bias=True)
  (5): ELU(alpha=1.0)
  (6): Linear(in_features=128, out_features=1, bias=True)
)

================================================================================
COMMAND VERIFICATION
================================================================================
env 000 | vx= 1.000 | vy= 0.000 | wz= 0.000
max deviation from (1.0, 0, 0) = 0.000e+00

[PASS] all robots receive the same velocity command.
[PASS] 접촉 부위 · foot 4개 · thigh 4개 · calf 4개 · base 3개
[PASS] 중심 광선 93 / 187

================================================================================
OBSTACLE ZONE (speed_drop_ratio 를 재는 구간 · 설정에서 계산)
================================================================================
difficulty (대표값) : 0.300    타일 8.00 m
terrain                    시작 m      끝 m   근거
rails                     0.750    2.880   rail_2_outer_edge

[PASS] 지형 1종의 장애물 구간을 설정에서 계산했습니다.
[PASS] 발 강체: 관절체 [15, 16, 17, 18] · 접촉 센서 [4, 8, 14, 18]  (FL · FR · RL · RR 순서)

================================================================================
GENERALIZATION EVALUATION
================================================================================
recorded terrains      : ['rails']
envs / terrain         : 10
total envs (simulated) : 100
episodes / terrain     : 30
total target episodes  : 30
evaluation duration    : 6.00 s
step_dt                : 0.0200 s  (300 steps / episode)
command vx             : 1.00 m/s
ideal distance         : 6.00 m
minimum progress       : 3.00 m  (ratio 0.500)
max velocity MAE       : 0.25 m/s
max lateral drift      : 0.750 m  (at the 3.00 m gate)
terrain border width   : 20.00 m  -> forward extent 24.00 m
seed                   : 42
================================================================================
[rails             ]   1/30 | env 050 ep 01 | ok=0 | surv=1 | fwd=  4.57m | gate=0.034m | end=0.018m | peak=0.056m | vMAE=0.27 | trav=1 | gateV= 1.10 | drop=-0.03 | head= 71스텝/ 3304.7N
[rails             ]   2/30 | env 051 ep 01 | ok=0 | surv=1 | fwd=  3.55m | gate=0.029m | end=0.009m | peak=0.062m | vMAE=0.43 | trav=1 | gateV= 1.00 | drop=-0.04 | head= 35스텝/ 1427.1N
[rails             ]   3/30 | env 052 ep 01 | ok=0 | surv=1 | fwd=  4.07m | gate=0.033m | end=0.112m | peak=0.112m | vMAE=0.35 | trav=1 | gateV= 1.09 | drop=-0.07 | head= 34스텝/ 3552.2N
[rails             ]   4/30 | env 053 ep 01 | ok=0 | surv=1 | fwd=  4.00m | gate=0.030m | end=0.157m | peak=0.157m | vMAE=0.36 | trav=1 | gateV= 0.98 | drop=-0.09 | head= 34스텝/ 3590.0N
[rails             ]   5/30 | env 054 ep 01 | ok=0 | surv=1 | fwd=  4.01m | gate=0.071m | end=0.158m | peak=0.158m | vMAE=0.35 | trav=1 | gateV= 0.89 | drop=-0.04 | head= 39스텝/ 2607.4N
[rails             ]   6/30 | env 055 ep 01 | ok=0 | surv=1 | fwd=  3.17m | gate=0.134m | end=0.095m | peak=0.134m | vMAE=0.49 | trav=1 | gateV= 0.77 | drop=-0.06 | head= 31스텝/ 3201.1N
[rails             ]   7/30 | env 056 ep 01 | ok=0 | surv=1 | fwd=  3.16m | gate=0.013m | end=0.047m | peak=0.074m | vMAE=0.49 | trav=1 | gateV= 0.79 | drop=-0.03 | head= 34스텝/ 3380.6N
[rails             ]   8/30 | env 057 ep 01 | ok=0 | surv=1 | fwd=  4.32m | gate=0.032m | end=0.124m | peak=0.124m | vMAE=0.32 | trav=1 | gateV= 1.05 | drop=-0.02 | head= 40스텝/ 3139.2N
[rails             ]   9/30 | env 058 ep 01 | ok=0 | surv=1 | fwd=  3.63m | gate=0.012m | end=0.095m | peak=0.095m | vMAE=0.41 | trav=1 | gateV= 0.88 | drop=-0.95 | head= 24스텝/ 2746.7N
[rails             ]  10/30 | env 059 ep 01 | ok=0 | surv=1 | fwd=  4.22m | gate=0.031m | end=0.153m | peak=0.153m | vMAE=0.33 | trav=1 | gateV= 0.93 | drop=-0.06 | head= 27스텝/  644.5N
[rails             ]  11/30 | env 050 ep 02 | ok=0 | surv=1 | fwd=  4.17m | gate=0.090m | end=0.010m | peak=0.090m | vMAE=0.32 | trav=1 | gateV= 0.96 | drop=-0.07 | head= 36스텝/ 1845.3N
[rails             ]  12/30 | env 051 ep 02 | ok=0 | surv=1 | fwd=  4.26m | gate=0.043m | end=0.199m | peak=0.199m | vMAE=0.32 | trav=1 | gateV= 1.07 | drop=-0.03 | head= 35스텝/ 3528.3N
[rails             ]  13/30 | env 052 ep 02 | ok=0 | surv=1 | fwd=  3.33m | gate=0.015m | end=0.062m | peak=0.064m | vMAE=0.46 | trav=1 | gateV= 0.96 | drop=-0.03 | head= 25스텝/ 3010.4N
[rails             ]  14/30 | env 053 ep 02 | ok=0 | surv=1 | fwd=  4.66m | gate=0.042m | end=0.191m | peak=0.191m | vMAE=0.26 | trav=1 | gateV= 1.02 | drop=-0.04 | head= 76스텝/ 3249.4N
[rails             ]  15/30 | env 054 ep 02 | ok=0 | surv=1 | fwd=  4.55m | gate=0.042m | end=0.094m | peak=0.094m | vMAE=0.28 | trav=1 | gateV= 1.03 | drop=-0.03 | head= 57스텝/ 1824.5N
[rails             ]  16/30 | env 055 ep 02 | ok=0 | surv=1 | fwd=  3.67m | gate=0.035m | end=0.098m | peak=0.098m | vMAE=0.41 | trav=1 | gateV= 0.91 | drop=-0.03 | head= 36스텝/ 3093.2N
[rails             ]  17/30 | env 056 ep 02 | ok=0 | surv=1 | fwd=  4.26m | gate=0.151m | end=0.010m | peak=0.154m | vMAE=0.32 | trav=1 | gateV= 0.94 | drop=-0.06 | head= 26스텝/ 2976.9N
[rails             ]  18/30 | env 057 ep 02 | ok=0 | surv=1 | fwd=  3.08m | gate=0.070m | end=0.069m | peak=0.074m | vMAE=0.49 | trav=1 | gateV= 1.02 | drop=-0.22 | head= 42스텝/ 1772.2N
[rails             ]  19/30 | env 058 ep 02 | ok=0 | surv=1 | fwd=  4.28m | gate=0.070m | end=0.201m | peak=0.201m | vMAE=0.32 | trav=1 | gateV= 0.93 | drop=-0.06 | head= 48스텝/ 3333.8N
[rails             ]  20/30 | env 059 ep 02 | ok=0 | surv=1 | fwd=  3.82m | gate=0.251m | end=0.190m | peak=0.261m | vMAE=0.39 | trav=1 | gateV= 1.07 | drop=-0.25 | head= 20스텝/ 3580.3N
[rails             ]  21/30 | env 050 ep 03 | ok=0 | surv=1 | fwd=  1.40m | gate=m | end=0.027m | peak=0.065m | vMAE=0.77 | trav=0 | gateV= | drop=-0.01 | head= 18스텝/  230.3N
[rails             ]  22/30 | env 051 ep 03 | ok=0 | surv=1 | fwd=  3.49m | gate=0.010m | end=0.125m | peak=0.125m | vMAE=0.44 | trav=1 | gateV= 0.85 | drop=-0.05 | head= 39스텝/ 3538.1N
[rails             ]  23/30 | env 052 ep 03 | ok=0 | surv=1 | fwd=  3.88m | gate=0.255m | end=0.224m | peak=0.258m | vMAE=0.37 | trav=1 | gateV= 0.87 | drop=-0.32 | head= 38스텝/ 2766.1N
[rails             ]  24/30 | env 053 ep 03 | ok=0 | surv=1 | fwd=  4.48m | gate=0.134m | end=0.073m | peak=0.148m | vMAE=0.28 | trav=1 | gateV= 1.15 | drop=-0.01 | head= 66스텝/  341.5N
[rails             ]  25/30 | env 054 ep 03 | ok=0 | surv=1 | fwd=  3.74m | gate=0.043m | end=0.236m | peak=0.236m | vMAE=0.39 | trav=1 | gateV= 0.92 | drop=-0.03 | head= 35스텝/ 3409.9N
[rails             ]  26/30 | env 055 ep 03 | ok=1 | surv=1 | fwd=  4.74m | gate=0.235m | end=0.311m | peak=0.311m | vMAE=0.24 | trav=1 | gateV= 1.12 | drop=-0.11 | head= 57스텝/ 2079.7N
[rails             ]  27/30 | env 056 ep 03 | ok=0 | surv=1 | fwd=  3.18m | gate=0.080m | end=0.139m | peak=0.141m | vMAE=0.49 | trav=1 | gateV= 0.91 | drop=-0.04 | head= 29스텝/ 3216.2N
[rails             ]  28/30 | env 057 ep 03 | ok=0 | surv=1 | fwd=  3.31m | gate=0.025m | end=0.038m | peak=0.055m | vMAE=0.47 | trav=1 | gateV= 1.00 | drop=-0.04 | head= 38스텝/ 3301.9N
[rails             ]  29/30 | env 058 ep 03 | ok=0 | surv=1 | fwd=  3.94m | gate=0.073m | end=0.094m | peak=0.094m | vMAE=0.37 | trav=1 | gateV= 1.06 | drop=-0.02 | head= 37스텝/ 2994.7N
[rails             ]  30/30 | env 059 ep 03 | ok=0 | surv=1 | fwd=  3.27m | gate=0.076m | end=0.029m | peak=0.078m | vMAE=0.48 | trav=1 | gateV= 1.04 | drop=-0.03 | head= 31스텝/  639.5N

================================================================================
RESULT FILES
================================================================================
_out/loop/diag-rails/fs1-2500-d0.30\generalization_raw.csv
_out/loop/diag-rails/fs1-2500-d0.30\generalization_summary.csv
_out/loop/diag-rails/fs1-2500-d0.30\run_manifest.json

================================================================================
SUMMARY
================================================================================
Loading user config located at: 'c:/users/ai-ws01/anaconda3/envs/isaac311/lib/site-packages/isaacsim/kit/data/Kit/Isaac-Sim/5.1/user.config.json'
[Info] [carb] Logging to file: c:/users/ai-ws01/anaconda3/envs/isaac311/lib/site-packages/isaacsim/kit/logs/Kit/Isaac-Sim/5.1/kit_20260928_092044.log
2026-09-28T00:20:45Z [346ms] [Warning] [omni.usd_config.extension] Enable omni.materialx.libs extension to use MaterialX
2026-09-28T00:20:45Z [1,087ms] [Warning] [carb] Acquiring non optional plugin interface which is not listed as dependency: [omni::physx::IPhysxBenchmarks v1.0] (plugin: <default plugin>), by client: omni.physics.physx.plugin. Add it to CARB_PLUGIN_IMPL_DEPS() macro of a client.
2026-09-28T00:20:45Z [1,104ms] [Warning] [omni.isaac.dynamic_control] omni.isaac.dynamic_control is deprecated as of Isaac Sim 4.5. No action is needed from end-users.

|---------------------------------------------------------------------------------------------|
| Driver Version: 591.86        | Graphics API: D3D12
|=============================================================================================|
| GPU | Name                             | Active | LDA | GPU Memory | Vendor-ID | LUID       |
|     |                                  |        |     |            | Device-ID | UUID       |
|     |                                  |        |     |            | Bus-ID    |            |
|---------------------------------------------------------------------------------------------|
| 0   | NVIDIA GeForce RTX 5080          | Yes: 0 |     | 15979   MB | 10de      | 5fce0100.. |
|     |                                  |        |     |            | 2c02      | 0          |
|     |                                  |        |     |            | 81        |            |
|---------------------------------------------------------------------------------------------|
| 1   | NVIDIA GeForce RTX 5080          | Yes: 1 |     | 15979   MB | 10de      | 5de30100.. |
|     |                                  |        |     |            | 2c02      | 0          |
|     |                                  |        |     |            | 41        |            |
|=============================================================================================|
| OS: Windows 11 Pro, Version: 10.0 (25H2), Build: 26200, Kernel: 10.0.26100.9444
| Processor: AMD Ryzen Threadripper 7970X 32-Cores          
| Cores: 32 | Logical Cores: 64
|---------------------------------------------------------------------------------------------|
| Total Memory (MB): 261641 | Free Memory: 198974
| Total Page/Swap (MB): 278025 | Free Page/Swap: 195520
|---------------------------------------------------------------------------------------------|
2026-09-28T00:20:49Z [5,070ms] [Warning] [omni.kvdb.plugin] Disabling key-value database because another kit process is locking it
2026-09-28T00:20:53Z [8,843ms] [Warning] [omni.physx.fabric.plugin] FabricManager::initializePointInstancer mismatched prototypes on point instancer: /Visuals/Command/velocity_goal.
2026-09-28T00:20:53Z [8,844ms] [Warning] [omni.physx.fabric.plugin] FabricManager::initializePointInstancer mismatched prototypes on point instancer: /Visuals/Command/velocity_current.
